{
  "Call": {
    "span": {
      "m": 22,
      "n": 26
    },
    "name": {
      "span": {
        "m": 24,
        "n": 26
      },
      "ident": "fn"
    },
    "receiver": {
      "Value": {
        "span": {
          "m": 3,
          "n": 21
        },
        "path": [
          {
            "span": {
              "m": 3,
              "n": 8
            },
            "ident": "basic"
          },
          {
            "span": {
              "m": 9,
              "n": 13
            },
            "ident": "path"
          },
          {
            "span": {
              "m": 14,
              "n": 21
            },
            "ident": "segment"
          }
        ]
      }
    }
  }
}