{
  "Value": {
    "span": {
      "m": 3,
      "n": 16
    },
    "path": [
      {
        "span": {
          "m": 3,
          "n": 7
        },
        "ident": "path"
      },
      {
        "span": {
          "m": 8,
          "n": 10
        },
        "ident": "to"
      },
      {
        "span": {
          "m": 11,
          "n": 16
        },
        "ident": "value"
      }
    ]
  }
}