
    Margaret Brewer

    Cruz McCarty

    Halo Rollins

    Wes Velazquez

    Jaliyah Ford

    Luis Mullen

    Shay Navarro

    Reid Glass

    Clare Collins

    Miles Christensen

    Carmen Solomon

    Musa Steele

    Rylie Dunlap

    Aries Miranda

    Amina Davenport

    Dariel Medrano

    Halle Glenn

    Zaid Hahn

    Fallon Wyatt

    Sam Tanner

    Harmoni McBride

    Denver Campos

    Sutton Choi

    Khari Medina

    Elliana Sweeney

    Nixon Andrews

    Payton Bautista

    Raul Callahan

    Kimber Lyons

    Cyrus Hodge

    Coraline Santos

    Walker Navarro

    Winter Ferguson

    Miguel Garza

    River Hartman

    Baker Aguilar

    Josie Cook

    Ezekiel Sawyer

    Marina Schmidt

    Zayden Russell

    Raelynn Mendez

    Arthur Bates

    Madilyn Medina

    George Rangel

    Gloria Henson

    Bellamy Raymond

    Hadlee Case

    Bentlee Kramer

    Hanna Holland

    Brady Douglas

    Aniyah Duffy

    Kyng Morton

    Mallory Green

    Anthony Chandler

    Viviana Shepard

    Damari McCann

    Joyce George

    Mark Reynolds

    Isabelle Andrews

    Lukas Archer

    Kadence Cardenas

    Johnathan Vazquez

    Journee Cohen

    Killian Orozco

    Renata Vega

    Aidan Phillips

    Naomi Evans

    Elias Spence

    Aislinn Strickland

    Keegan Cline

    Lina Trejo

    Wesson Hale

    Brinley Cabrera

    Cade Ibarra

    Madilynn Nunez

    Caden Sharp

    Camryn Hoffman

    Steven Young

    Zoey Gross

    Quinn Allison

    Chelsea Terrell

    Jaxen Russell

    Raelynn Payne

    Edward Gillespie

    Alianna Bernal

    Eithan Lane

    Amy Turner

    Joshua Hester

    Zendaya Camacho

    Tatum Williamson

    Catherine Kaur

    Augustine Hunt

    Genevieve Villanueva

    Huxley Sweeney

    Yara Barajas

    Brennan Carrillo

    Kaylani Ingram

    Tripp Palmer

    Juniper Schroeder

    Izaiah Schultz

