<!DOCTYPE html>
<html>
<head>
    <title>My awesome webpage!</title>
</head>
<body>
    <table>
        <tr>
            <th>Name</th>
            <th>Age</th>
        </tr>
            <tr>
                <td>Nancy Wheeler</td>
                <td>17</td>
            </tr>
        
            <tr>
                <td>Steve Harrington</td>
                <td>18</td>
            </tr>
        </table>
</body>
</html>
